Símbolo         Valor Decimal   Valor Hexadecimal
-------         -------------   -----------------
_BOOT                       0                   0
_SISTEMA                  128                  80
_APP                      256                 100
_KERNEL                 32768                8000
_IOAREA16               65408                FF80
_IOAREA08               65472                FFC0
_STACK                  65408                FF80
NAOKB                     138                  8A
NAOGETCHAR                148                  94
NAOPUTMSG                 158                  9E
NAOGETTIME                168                  A8
NAOPUTCHAR                178                  B2
_RESET                  32768                8000
CONTADOR                32826                803A
PUTMSG                  32828                803C
KBHIT                   32833                8041
OUTROVALOR              32844                804C
GETTIME                 32849                8051
GETCHAR                 32854                8056
PUTCHAR                 32873                8069
INTS_TIM                    1                   1
NINTS_TIM               65534                FFFE
INTS_TEC                    2                   2
NINTS_TEC               65533                FFFD
TECLA                   32886                8076
SEGUNDOS                32888                8078
_ISR                    32890                807A
TECLADO                 32904                8088
FIM_TECLADO             32924                809C
FIM_INT                 32934                80A6
EDITATIMER              32939                80AB
ISRTEC                  32963                80C3
TEMTECLA                32975                80CF
_S_LIMPA_VISOR_ULTRA    32985                80D9
_S_ESCREVER_NO_VISOR    33074                8132
__VOLTA_A_ESCREVER      33084                813C
__ESCREVE_NO_LED        33105                8151
__FIM_VISOR             33115                815B
IVET                    65470                FFBE
TIMDT                   65495                FFD7
INTS                    65496                FFD8
INTE                    65497                FFD9
TECST                   65498                FFDA
TECDT                   65499                FFDB
VISOR                   65500                FFDC
